running serial experiment 1 with N=256
Total time: 0.017168 seconds
Work time: 0.000332 seconds
-----------------------------------------
running serial experiment 2 with N=512
Total time: 0.050119 seconds
Work time: 0.001126 seconds
-----------------------------------------
running serial experiment 3 with N=1024
Total time: 0.020887 seconds
Work time: 0.004461 seconds
-----------------------------------------
running serial experiment 4 with N=2048
Total time: 0.036232 seconds
Work time: 0.018022 seconds
-----------------------------------------
running serial experiment 5 with N=4096
Total time: 0.118403 seconds
Work time: 0.070617 seconds
-----------------------------------------
running serial experiment 6 with N=8192
Total time: 0.407839 seconds
Work time: 0.281043 seconds
-----------------------------------------
running parallel experiment 1 with N=256 and P=1
Total time: 0.098167 seconds
Work time: 0.079030 seconds
-----------------------------------------
running parallel experiment 2 with N=256 and P=2
Total time: 0.052534 seconds
Work time: 0.039489 seconds
-----------------------------------------
running parallel experiment 3 with N=256 and P=4
Total time: 0.032405 seconds
Work time: 0.020474 seconds
-----------------------------------------
running parallel experiment 4 with N=256 and P=8
Total time: 0.029722 seconds
Work time: 0.010584 seconds
-----------------------------------------
running parallel experiment 5 with N=256 and P=16
Total time: 0.023903 seconds
Work time: 0.006162 seconds
-----------------------------------------
running parallel experiment 6 with N=256 and P=32
Total time: 0.024259 seconds
Work time: 0.004886 seconds
-----------------------------------------
running parallel experiment 7 with N=256 and P=64
Total time: 0.024989 seconds
Work time: 0.004332 seconds
-----------------------------------------
running parallel experiment 8 with N=256 and P=128
Total time: 0.054457 seconds
Work time: 0.006693 seconds
-----------------------------------------
running parallel experiment 9 with N=512 and P=1
Total time: 0.786731 seconds
Work time: 0.728711 seconds
-----------------------------------------
running parallel experiment 10 with N=512 and P=2
Total time: 0.407471 seconds
Work time: 0.364013 seconds
-----------------------------------------
running parallel experiment 11 with N=512 and P=4
Total time: 0.225427 seconds
Work time: 0.182580 seconds
-----------------------------------------
running parallel experiment 12 with N=512 and P=8
Total time: 0.122345 seconds
Work time: 0.092122 seconds
-----------------------------------------
running parallel experiment 13 with N=512 and P=16
Total time: 0.067652 seconds
Work time: 0.047076 seconds
-----------------------------------------
running parallel experiment 14 with N=512 and P=32
Total time: 0.049337 seconds
Work time: 0.026499 seconds
-----------------------------------------
running parallel experiment 15 with N=512 and P=64
Total time: 0.043256 seconds
Work time: 0.016175 seconds
-----------------------------------------
running parallel experiment 16 with N=512 and P=128
Total time: 0.036889 seconds
Work time: 0.014171 seconds
-----------------------------------------
running parallel experiment 17 with N=1024 and P=1
Total time: 5.265546 seconds
Work time: 5.207338 seconds
-----------------------------------------
running parallel experiment 18 with N=1024 and P=2
Total time: 2.630619 seconds
Work time: 2.555575 seconds
-----------------------------------------
running parallel experiment 19 with N=1024 and P=4
Total time: 1.345387 seconds
Work time: 1.292907 seconds
-----------------------------------------
running parallel experiment 20 with N=1024 and P=8
Total time: 0.720702 seconds
Work time: 0.654784 seconds
-----------------------------------------
running parallel experiment 21 with N=1024 and P=16
Total time: 0.396060 seconds
Work time: 0.330863 seconds
-----------------------------------------
running parallel experiment 22 with N=1024 and P=32
Total time: 0.237852 seconds
Work time: 0.171825 seconds
-----------------------------------------
running parallel experiment 23 with N=1024 and P=64
Total time: 0.142898 seconds
Work time: 0.091207 seconds
-----------------------------------------
running parallel experiment 24 with N=1024 and P=128
Total time: 0.105765 seconds
Work time: 0.059820 seconds
-----------------------------------------
running parallel experiment 25 with N=2048 and P=1
Total time: 261.563438 seconds
Work time: 261.432430 seconds
-----------------------------------------
running parallel experiment 26 with N=2048 and P=2
Total time: 206.185182 seconds
Work time: 206.012522 seconds
-----------------------------------------
running parallel experiment 27 with N=2048 and P=4
Total time: 112.367637 seconds
Work time: 112.225145 seconds
-----------------------------------------
running parallel experiment 28 with N=2048 and P=8
Total time: 58.874658 seconds
Work time: 58.740638 seconds
-----------------------------------------
running parallel experiment 29 with N=2048 and P=16
Total time: 30.945884 seconds
Work time: 30.801282 seconds
-----------------------------------------
running parallel experiment 30 with N=2048 and P=32
Total time: 20.904788 seconds
Work time: 15.025013 seconds
-----------------------------------------
running parallel experiment 31 with N=2048 and P=64
Total time: 8.056035 seconds
Work time: 7.859637 seconds
-----------------------------------------
running parallel experiment 32 with N=2048 and P=128
Total time: 6.359775 seconds
Work time: 6.217988 seconds
-----------------------------------------
running parallel experiment 33 with N=4096 and P=1
Total time: 2014.103385 seconds
Work time: 2013.650767 seconds
-----------------------------------------
running parallel experiment 34 with N=4096 and P=2
Total time: 1203.481944 seconds
Work time: 1203.081888 seconds
-----------------------------------------
running parallel experiment 35 with N=4096 and P=4
Total time: 791.340438 seconds
Work time: 790.924290 seconds
-----------------------------------------
running parallel experiment 36 with N=4096 and P=8
slurmstepd: error: *** JOB 37021168 ON exp-7-21 CANCELLED AT 2025-02-16T13:25:27 DUE TO TIME LIMIT ***
